// Vitest Snapshot v1, https://vitest.dev/guide/snapshot.html

exports[`Discriminator > os3 > should generate the spec (array) 1`] = `
{
  "components": {
    "schemas": {
      "Action": {
        "properties": {
          "event": {
            "minLength": 1,
            "type": "string",
          },
          "meta": {
            "type": "string",
          },
          "type": {
            "allOf": [
              {
                "$ref": "#/components/schemas/EventType",
              },
              {
                "enum": [
                  "action",
                  "click_action",
                ],
                "example": "action",
                "type": "string",
              },
            ],
          },
          "value": {
            "type": "string",
          },
        },
        "required": [
          "event",
        ],
        "type": "object",
      },
      "ActionPartial": {
        "properties": {
          "event": {
            "minLength": 1,
            "type": "string",
          },
          "meta": {
            "type": "string",
          },
          "type": {
            "allOf": [
              {
                "$ref": "#/components/schemas/EventType",
              },
              {
                "enum": [
                  "action",
                  "click_action",
                ],
                "example": "action",
                "type": "string",
              },
            ],
          },
          "value": {
            "type": "string",
          },
        },
        "type": "object",
      },
      "CustomAction": {
        "properties": {
          "event": {
            "minLength": 1,
            "type": "string",
          },
          "meta": {
            "type": "string",
          },
          "type": {
            "allOf": [
              {
                "$ref": "#/components/schemas/EventType",
              },
              {
                "enum": [
                  "custom_action",
                ],
                "example": "custom_action",
                "type": "string",
              },
            ],
          },
          "value": {
            "type": "string",
          },
        },
        "required": [
          "event",
        ],
        "type": "object",
      },
      "CustomActionPartial": {
        "properties": {
          "event": {
            "minLength": 1,
            "type": "string",
          },
          "meta": {
            "type": "string",
          },
          "type": {
            "allOf": [
              {
                "$ref": "#/components/schemas/EventType",
              },
              {
                "enum": [
                  "custom_action",
                ],
                "example": "custom_action",
                "type": "string",
              },
            ],
          },
          "value": {
            "type": "string",
          },
        },
        "type": "object",
      },
      "EventType": {
        "enum": [
          "page_view",
          "action",
          "click_action",
        ],
        "type": "string",
      },
      "PageView": {
        "properties": {
          "meta": {
            "type": "string",
          },
          "type": {
            "allOf": [
              {
                "$ref": "#/components/schemas/EventType",
              },
              {
                "enum": [
                  "page_view",
                ],
                "example": "page_view",
                "type": "string",
              },
            ],
          },
          "url": {
            "minLength": 1,
            "type": "string",
          },
          "value": {
            "type": "string",
          },
        },
        "required": [
          "url",
        ],
        "type": "object",
      },
      "PageViewPartial": {
        "properties": {
          "meta": {
            "type": "string",
          },
          "type": {
            "allOf": [
              {
                "$ref": "#/components/schemas/EventType",
              },
              {
                "enum": [
                  "page_view",
                ],
                "example": "page_view",
                "type": "string",
              },
            ],
          },
          "url": {
            "minLength": 1,
            "type": "string",
          },
          "value": {
            "type": "string",
          },
        },
        "type": "object",
      },
    },
  },
  "paths": {
    "/": {
      "post": {
        "operationId": "myTestPost",
        "parameters": [],
        "requestBody": {
          "content": {
            "application/json": {
              "schema": {
                "items": {
                  "discriminator": {
                    "mapping": {
                      "action": "#/components/schemas/ActionPartial",
                      "click_action": "#/components/schemas/ActionPartial",
                      "custom_action": "#/components/schemas/CustomActionPartial",
                      "page_view": "#/components/schemas/PageViewPartial",
                    },
                    "propertyName": "type",
                  },
                  "oneOf": [
                    {
                      "$ref": "#/components/schemas/PageViewPartial",
                    },
                    {
                      "$ref": "#/components/schemas/ActionPartial",
                    },
                    {
                      "$ref": "#/components/schemas/CustomActionPartial",
                    },
                  ],
                  "required": [
                    "type",
                  ],
                },
                "type": "array",
              },
            },
          },
          "required": false,
        },
        "responses": {
          "200": {
            "content": {
              "application/json": {
                "schema": {
                  "items": {
                    "discriminator": {
                      "mapping": {
                        "action": "#/components/schemas/Action",
                        "click_action": "#/components/schemas/Action",
                        "custom_action": "#/components/schemas/CustomAction",
                        "page_view": "#/components/schemas/PageView",
                      },
                      "propertyName": "type",
                    },
                    "oneOf": [
                      {
                        "$ref": "#/components/schemas/PageView",
                      },
                      {
                        "$ref": "#/components/schemas/Action",
                      },
                      {
                        "$ref": "#/components/schemas/CustomAction",
                      },
                    ],
                    "required": [
                      "type",
                    ],
                  },
                  "type": "array",
                },
              },
            },
            "description": "Success",
          },
        },
        "tags": [
          "MyTest",
        ],
      },
    },
  },
  "tags": [
    {
      "name": "MyTest",
    },
  ],
}
`;

exports[`Discriminator > with kind property > should generate the spec 1`] = `
{
  "components": {
    "schemas": {
      "FirstImpl": {
        "properties": {
          "kind": {
            "enum": [
              "json",
            ],
            "type": "string",
          },
          "type": {
            "enum": [
              "one",
              "two",
            ],
            "example": "one",
            "type": "string",
          },
        },
        "type": "object",
      },
      "ParentModel": {
        "properties": {
          "test": {
            "discriminator": {
              "mapping": {
                "one": "#/components/schemas/FirstImpl",
                "two": "#/components/schemas/SecondImpl",
              },
              "propertyName": "type",
            },
            "oneOf": [
              {
                "$ref": "#/components/schemas/FirstImpl",
              },
              {
                "$ref": "#/components/schemas/SecondImpl",
              },
            ],
            "required": [
              "type",
            ],
          },
        },
        "type": "object",
      },
      "SecondImpl": {
        "properties": {
          "prop": {
            "type": "string",
          },
          "type": {
            "enum": [
              "one",
              "two",
            ],
            "example": "two",
            "type": "string",
          },
        },
        "type": "object",
      },
    },
  },
  "paths": {
    "/test": {
      "get": {
        "operationId": "testGet",
        "parameters": [],
        "responses": {
          "200": {
            "content": {
              "application/json": {
                "schema": {
                  "items": {
                    "$ref": "#/components/schemas/ParentModel",
                  },
                  "type": "array",
                },
              },
            },
            "description": "Success",
          },
        },
        "tags": [
          "Test",
        ],
      },
    },
  },
  "tags": [
    {
      "name": "Test",
    },
  ],
}
`;
